// Jest Snapshot v1, https://goo.gl/fbAQLP

exports[`MovieReview Snapshot Should MovieReview render correctly 1`] = `
<div
  className="review"
>
  <blockquote
    className="review__quote"
  >
    <p
      className="review__text"
    >
      Comment
    </p>
    <footer
      className="review__details"
    >
      <cite
        className="review__author"
      >
        User
      </cite>
      <time
        className="review__date"
        dateTime="December 24, 2016"
      >
        December 24, 2016
      </time>
    </footer>
  </blockquote>
  <div
    className="review__rating"
  >
    7.1
  </div>
</div>
`;
